Code Name : sn_2d
Version   : v0.1.0
Author    : Joseph F. Specht IV
Executed  : 10:34:11 on 03/25/2026

Discrete Ordinates/Octant
  n      mu     eta       w
  1  0.6000  0.4000  0.2500
  2  0.5000  0.4000  0.2500

Boundary Conditions
  Left   Right    Bottom    Top
  0   0   0   0 

Computational Cell Data
  i  j  Material   dx   dy   SigmaT   SigmaS   Source
  1  1  1  0.1000  0.2000  1.0000  0.5000  0.0000
  2  1  1  0.1000  0.2000  1.0000  0.5000  0.0000
  3  1  1  0.1000  0.2000  1.0000  0.5000  0.0000
  4  1  1  0.1000  0.2000  1.0000  0.5000  0.0000
  5  1  1  0.1000  0.2000  1.0000  0.5000  0.0000
  6  1  1  0.1000  0.2000  1.0000  0.5000  0.0000
  7  1  1  0.1000  0.2000  1.0000  0.5000  0.0000
  8  1  1  0.1000  0.2000  1.0000  0.5000  0.0000
  9  1  1  0.1000  0.2000  1.0000  0.5000  0.0000
 10  1  1  0.1000  0.2000  1.0000  0.5000  0.0000
 11  1  1  0.1000  0.2000  1.0000  0.5000  0.0000
 12  1  1  0.1000  0.2000  1.0000  0.5000  0.0000
 13  1  1  0.1000  0.2000  1.0000  0.5000  0.0000
  1  2  1  0.1000  0.2000  1.0000  0.5000  0.0000
  2  2  1  0.1000  0.2000  1.0000  0.5000  0.0000
  3  2  1  0.1000  0.2000  1.0000  0.5000  0.0000
  4  2  1  0.1000  0.2000  1.0000  0.5000  0.0000
  5  2  2  0.1000  0.2000  2.0000  0.1000  0.5000
  6  2  2  0.1000  0.2000  2.0000  0.1000  0.5000
  7  2  2  0.1000  0.2000  2.0000  0.1000  0.5000
  8  2  2  0.1000  0.2000  2.0000  0.1000  0.5000
  9  2  1  0.1000  0.2000  1.0000  0.5000  0.0000
 10  2  1  0.1000  0.2000  1.0000  0.5000  0.0000
 11  2  1  0.1000  0.2000  1.0000  0.5000  0.0000
 12  2  1  0.1000  0.2000  1.0000  0.5000  0.0000
 13  2  1  0.1000  0.2000  1.0000  0.5000  0.0000
  1  3  1  0.1000  0.2000  1.0000  0.5000  0.0000
  2  3  1  0.1000  0.2000  1.0000  0.5000  0.0000
  3  3  1  0.1000  0.2000  1.0000  0.5000  0.0000
  4  3  1  0.1000  0.2000  1.0000  0.5000  0.0000
  5  3  2  0.1000  0.2000  2.0000  0.1000  0.5000
  6  3  3  0.1000  0.2000  1.5000  0.1000  1.0000
  7  3  3  0.1000  0.2000  1.5000  0.1000  1.0000
  8  3  2  0.1000  0.2000  2.0000  0.1000  0.5000
  9  3  1  0.1000  0.2000  1.0000  0.5000  0.0000
 10  3  1  0.1000  0.2000  1.0000  0.5000  0.0000
 11  3  1  0.1000  0.2000  1.0000  0.5000  0.0000
 12  3  1  0.1000  0.2000  1.0000  0.5000  0.0000
 13  3  1  0.1000  0.2000  1.0000  0.5000  0.0000
  1  4  1  0.1000  0.2000  1.0000  0.5000  0.0000
  2  4  1  0.1000  0.2000  1.0000  0.5000  0.0000
  3  4  1  0.1000  0.2000  1.0000  0.5000  0.0000
  4  4  1  0.1000  0.2000  1.0000  0.5000  0.0000
  5  4  2  0.1000  0.2000  2.0000  0.1000  0.5000
  6  4  2  0.1000  0.2000  2.0000  0.1000  0.5000
  7  4  2  0.1000  0.2000  2.0000  0.1000  0.5000
  8  4  2  0.1000  0.2000  2.0000  0.1000  0.5000
  9  4  1  0.1000  0.2000  1.0000  0.5000  0.0000
 10  4  1  0.1000  0.2000  1.0000  0.5000  0.0000
 11  4  1  0.1000  0.2000  1.0000  0.5000  0.0000
 12  4  1  0.1000  0.2000  1.0000  0.5000  0.0000
 13  4  1  0.1000  0.2000  1.0000  0.5000  0.0000
  1  5  1  0.1000  0.2000  1.0000  0.5000  0.0000
  2  5  1  0.1000  0.2000  1.0000  0.5000  0.0000
  3  5  1  0.1000  0.2000  1.0000  0.5000  0.0000
  4  5  1  0.1000  0.2000  1.0000  0.5000  0.0000
  5  5  1  0.1000  0.2000  1.0000  0.5000  0.0000
  6  5  1  0.1000  0.2000  1.0000  0.5000  0.0000
  7  5  1  0.1000  0.2000  1.0000  0.5000  0.0000
  8  5  1  0.1000  0.2000  1.0000  0.5000  0.0000
  9  5  1  0.1000  0.2000  1.0000  0.5000  0.0000
 10  5  1  0.1000  0.2000  1.0000  0.5000  0.0000
 11  5  1  0.1000  0.2000  1.0000  0.5000  0.0000
 12  5  1  0.1000  0.2000  1.0000  0.5000  0.0000
 13  5  1  0.1000  0.2000  1.0000  0.5000  0.0000


Discrete Ordinates Method Solution
   i   j   Cell-Averaged Scalar Flux
   1   1   7.061104E-02
   2   1   8.562849E-02
   3   1   9.253389E-02
   4   1   8.104435E-02
   5   1   5.511517E-02
   6   1   4.119760E-02
   7   1   4.119760E-02
   8   1   5.511516E-02
   9   1   8.104435E-02
  10   1   9.253389E-02
  11   1   8.562849E-02
  12   1   7.061104E-02
  13   1   5.164111E-02
   1   2   4.443031E-02
   2   2   7.290286E-02
   3   2   1.087570E-01
   4   2   1.560688E-01
   5   2   2.102927E-01
   6   2   2.360834E-01
   7   2   2.360834E-01
   8   2   2.102927E-01
   9   2   1.560688E-01
  10   2   1.087570E-01
  11   2   7.290286E-02
  12   2   4.443031E-02
  13   2   2.511087E-02
   1   3   2.581223E-02
   2   3   5.375537E-02
   3   3   1.045474E-01
   4   3   1.756811E-01
   5   3   2.854069E-01
   6   3   3.942128E-01
   7   3   3.942128E-01
   8   3   2.854069E-01
   9   3   1.756811E-01
  10   3   1.045474E-01
  11   3   5.375537E-02
  12   3   2.581223E-02
  13   3   1.193963E-02
   1   4   4.443031E-02
   2   4   7.290286E-02
   3   4   1.087570E-01
   4   4   1.560688E-01
   5   4   2.102927E-01
   6   4   2.360834E-01
   7   4   2.360834E-01
   8   4   2.102927E-01
   9   4   1.560688E-01
  10   4   1.087570E-01
  11   4   7.290286E-02
  12   4   4.443031E-02
  13   4   2.511087E-02
   1   5   7.061104E-02
   2   5   8.562849E-02
   3   5   9.253389E-02
   4   5   8.104435E-02
   5   5   5.511516E-02
   6   5   4.119760E-02
   7   5   4.119760E-02
   8   5   5.511517E-02
   9   5   8.104435E-02
  10   5   9.253389E-02
  11   5   8.562849E-02
  12   5   7.061104E-02
  13   5   5.164111E-02

Runtime   :     0.0017 [s]
