Code Name : sn_2d
Version   : v0.1.0
Author    : Joseph F. Specht IV
Executed  : 15:36:01 on 04/07/2026

Discrete Ordinates/Octant
  n      mu     eta       w
  1  0.6000  0.4000  0.2500
  2  0.5000  0.4000  0.2500

Boundary Conditions
  Left   Right    Bottom    Top
  0   0   0   0 

Computational Cell Data
  i  j  Material   dx   dy   SigmaT   SigmaS   Source
  1  1  1  0.1000  0.2000  1.0000  0.5000  0.0000
  2  1  1  0.1000  0.2000  1.0000  0.5000  0.0000
  3  1  1  0.1000  0.2000  1.0000  0.5000  0.0000
  4  1  1  0.1000  0.2000  1.0000  0.5000  0.0000
  5  1  1  0.1000  0.2000  1.0000  0.5000  0.0000
  6  1  1  0.1000  0.2000  1.0000  0.5000  0.0000
  7  1  1  0.1000  0.2000  1.0000  0.5000  0.0000
  8  1  1  0.1000  0.2000  1.0000  0.5000  0.0000
  9  1  1  0.1000  0.2000  1.0000  0.5000  0.0000
 10  1  1  0.1000  0.2000  1.0000  0.5000  0.0000
 11  1  1  0.1000  0.2000  1.0000  0.5000  0.0000
 12  1  1  0.1000  0.2000  1.0000  0.5000  0.0000
 13  1  1  0.1000  0.2000  1.0000  0.5000  0.0000
  1  2  1  0.1000  0.2000  1.0000  0.5000  0.0000
  2  2  1  0.1000  0.2000  1.0000  0.5000  0.0000
  3  2  1  0.1000  0.2000  1.0000  0.5000  0.0000
  4  2  1  0.1000  0.2000  1.0000  0.5000  0.0000
  5  2  2  0.1000  0.2000  2.0000  0.1000  0.5000
  6  2  2  0.1000  0.2000  2.0000  0.1000  0.5000
  7  2  2  0.1000  0.2000  2.0000  0.1000  0.5000
  8  2  2  0.1000  0.2000  2.0000  0.1000  0.5000
  9  2  1  0.1000  0.2000  1.0000  0.5000  0.0000
 10  2  1  0.1000  0.2000  1.0000  0.5000  0.0000
 11  2  1  0.1000  0.2000  1.0000  0.5000  0.0000
 12  2  1  0.1000  0.2000  1.0000  0.5000  0.0000
 13  2  1  0.1000  0.2000  1.0000  0.5000  0.0000
  1  3  1  0.1000  0.2000  1.0000  0.5000  0.0000
  2  3  1  0.1000  0.2000  1.0000  0.5000  0.0000
  3  3  1  0.1000  0.2000  1.0000  0.5000  0.0000
  4  3  1  0.1000  0.2000  1.0000  0.5000  0.0000
  5  3  2  0.1000  0.2000  2.0000  0.1000  0.5000
  6  3  3  0.1000  0.2000  1.5000  0.1000  1.0000
  7  3  3  0.1000  0.2000  1.5000  0.1000  1.0000
  8  3  2  0.1000  0.2000  2.0000  0.1000  0.5000
  9  3  1  0.1000  0.2000  1.0000  0.5000  0.0000
 10  3  1  0.1000  0.2000  1.0000  0.5000  0.0000
 11  3  1  0.1000  0.2000  1.0000  0.5000  0.0000
 12  3  1  0.1000  0.2000  1.0000  0.5000  0.0000
 13  3  1  0.1000  0.2000  1.0000  0.5000  0.0000
  1  4  1  0.1000  0.2000  1.0000  0.5000  0.0000
  2  4  1  0.1000  0.2000  1.0000  0.5000  0.0000
  3  4  1  0.1000  0.2000  1.0000  0.5000  0.0000
  4  4  1  0.1000  0.2000  1.0000  0.5000  0.0000
  5  4  2  0.1000  0.2000  2.0000  0.1000  0.5000
  6  4  2  0.1000  0.2000  2.0000  0.1000  0.5000
  7  4  2  0.1000  0.2000  2.0000  0.1000  0.5000
  8  4  2  0.1000  0.2000  2.0000  0.1000  0.5000
  9  4  1  0.1000  0.2000  1.0000  0.5000  0.0000
 10  4  1  0.1000  0.2000  1.0000  0.5000  0.0000
 11  4  1  0.1000  0.2000  1.0000  0.5000  0.0000
 12  4  1  0.1000  0.2000  1.0000  0.5000  0.0000
 13  4  1  0.1000  0.2000  1.0000  0.5000  0.0000
  1  5  1  0.1000  0.2000  1.0000  0.5000  0.0000
  2  5  1  0.1000  0.2000  1.0000  0.5000  0.0000
  3  5  1  0.1000  0.2000  1.0000  0.5000  0.0000
  4  5  1  0.1000  0.2000  1.0000  0.5000  0.0000
  5  5  1  0.1000  0.2000  1.0000  0.5000  0.0000
  6  5  1  0.1000  0.2000  1.0000  0.5000  0.0000
  7  5  1  0.1000  0.2000  1.0000  0.5000  0.0000
  8  5  1  0.1000  0.2000  1.0000  0.5000  0.0000
  9  5  1  0.1000  0.2000  1.0000  0.5000  0.0000
 10  5  1  0.1000  0.2000  1.0000  0.5000  0.0000
 11  5  1  0.1000  0.2000  1.0000  0.5000  0.0000
 12  5  1  0.1000  0.2000  1.0000  0.5000  0.0000
 13  5  1  0.1000  0.2000  1.0000  0.5000  0.0000


Discrete Ordinates Method Solution
   i   j   Cell-Averaged Scalar Flux
   1   1   1.003046E-01
   2   1   1.195830E-01
   3   1   1.280867E-01
   4   1   1.164070E-01
   5   1   9.036999E-02
   6   1   7.674105E-02
   7   1   7.798207E-02
   8   1   9.336903E-02
   9   1   1.196923E-01
  10   1   1.310247E-01
  11   1   1.224572E-01
  12   1   1.032426E-01
  13   1   7.758825E-02
   1   2   8.292046E-02
   2   2   1.175500E-01
   3   2   1.565134E-01
   4   2   2.027462E-01
   5   2   2.463231E-01
   6   2   2.608418E-01
   7   2   2.583689E-01
   8   2   2.355438E-01
   9   2   1.902945E-01
  10   2   1.492207E-01
  11   2   1.111842E-01
  12   2   7.626108E-02
  13   2   4.876180E-02
   1   3   6.662045E-02
   2   3   1.011430E-01
   3   3   1.562577E-01
   4   3   2.270166E-01
   5   3   3.229420E-01
   6   3   4.029808E-01
   7   3   3.795053E-01
   8   3   2.713341E-01
   9   3   1.760817E-01
  10   3   1.163552E-01
  11   3   7.085657E-02
  12   3   4.316071E-02
  13   3   2.747427E-02
   1   4   8.392692E-02
   2   4   1.191091E-01
   3   4   1.583062E-01
   4   4   2.035575E-01
   5   4   2.436835E-01
   6   4   2.468368E-01
   7   4   2.226309E-01
   8   4   1.801069E-01
   9   4   1.263275E-01
  10   4   8.718470E-02
  11   4   6.013636E-02
  12   4   3.997959E-02
  13   4   2.573561E-02
   1   5   1.010743E-01
   2   5   1.194477E-01
   3   5   1.262747E-01
   4   5   1.122803E-01
   5   5   8.099843E-02
   6   5   5.978779E-02
   7   5   5.344786E-02
   8   5   5.546870E-02
   9   5   6.489558E-02
  10   5   6.746083E-02
  11   5   5.936100E-02
  12   5   4.689309E-02
  13   5   3.304922E-02

Runtime   :     0.0018 [s]
