Code Name : sn_2d
Version   : v0.1.0
Author    : Joseph F. Specht IV
Executed  : 22:43:51 on 04/26/2026

Discrete Ordinates/Octant
  n      mu     eta       w
  1  0.5774  0.5774  0.2500

Boundary Conditions
  Left   Right    Bottom    Top
  0   0   0   0 

Computational Cell Data
  i  j  Material   dx   dy   SigmaT   SigmaS   Source
  1  1  1  0.1000  0.1000100.0000 90.0000  1.0000
  2  1  1  0.1000  0.1000100.0000 90.0000  1.0000
  3  1  1  0.1000  0.1000100.0000 90.0000  1.0000
  4  1  1  0.1000  0.1000100.0000 90.0000  1.0000
  5  1  1  0.1000  0.1000100.0000 90.0000  1.0000
  6  1  1  0.1000  0.1000100.0000 90.0000  1.0000
  7  1  1  0.1000  0.1000100.0000 90.0000  1.0000
  8  1  1  0.1000  0.1000100.0000 90.0000  1.0000
  9  1  1  0.1000  0.1000100.0000 90.0000  1.0000
 10  1  1  0.1000  0.1000100.0000 90.0000  1.0000
  1  2  1  0.1000  0.1000100.0000 90.0000  1.0000
  2  2  1  0.1000  0.1000100.0000 90.0000  1.0000
  3  2  1  0.1000  0.1000100.0000 90.0000  1.0000
  4  2  1  0.1000  0.1000100.0000 90.0000  1.0000
  5  2  1  0.1000  0.1000100.0000 90.0000  1.0000
  6  2  1  0.1000  0.1000100.0000 90.0000  1.0000
  7  2  1  0.1000  0.1000100.0000 90.0000  1.0000
  8  2  1  0.1000  0.1000100.0000 90.0000  1.0000
  9  2  1  0.1000  0.1000100.0000 90.0000  1.0000
 10  2  1  0.1000  0.1000100.0000 90.0000  1.0000
  1  3  1  0.1000  0.1000100.0000 90.0000  1.0000
  2  3  1  0.1000  0.1000100.0000 90.0000  1.0000
  3  3  1  0.1000  0.1000100.0000 90.0000  1.0000
  4  3  1  0.1000  0.1000100.0000 90.0000  1.0000
  5  3  1  0.1000  0.1000100.0000 90.0000  1.0000
  6  3  1  0.1000  0.1000100.0000 90.0000  1.0000
  7  3  1  0.1000  0.1000100.0000 90.0000  1.0000
  8  3  1  0.1000  0.1000100.0000 90.0000  1.0000
  9  3  1  0.1000  0.1000100.0000 90.0000  1.0000
 10  3  1  0.1000  0.1000100.0000 90.0000  1.0000
  1  4  1  0.1000  0.1000100.0000 90.0000  1.0000
  2  4  1  0.1000  0.1000100.0000 90.0000  1.0000
  3  4  1  0.1000  0.1000100.0000 90.0000  1.0000
  4  4  1  0.1000  0.1000100.0000 90.0000  1.0000
  5  4  1  0.1000  0.1000100.0000 90.0000  1.0000
  6  4  1  0.1000  0.1000100.0000 90.0000  1.0000
  7  4  1  0.1000  0.1000100.0000 90.0000  1.0000
  8  4  1  0.1000  0.1000100.0000 90.0000  1.0000
  9  4  1  0.1000  0.1000100.0000 90.0000  1.0000
 10  4  1  0.1000  0.1000100.0000 90.0000  1.0000
  1  5  1  0.1000  0.1000100.0000 90.0000  1.0000
  2  5  1  0.1000  0.1000100.0000 90.0000  1.0000
  3  5  1  0.1000  0.1000100.0000 90.0000  1.0000
  4  5  1  0.1000  0.1000100.0000 90.0000  1.0000
  5  5  1  0.1000  0.1000100.0000 90.0000  1.0000
  6  5  1  0.1000  0.1000100.0000 90.0000  1.0000
  7  5  1  0.1000  0.1000100.0000 90.0000  1.0000
  8  5  1  0.1000  0.1000100.0000 90.0000  1.0000
  9  5  1  0.1000  0.1000100.0000 90.0000  1.0000
 10  5  1  0.1000  0.1000100.0000 90.0000  1.0000
  1  6  1  0.1000  0.1000100.0000 90.0000  1.0000
  2  6  1  0.1000  0.1000100.0000 90.0000  1.0000
  3  6  1  0.1000  0.1000100.0000 90.0000  1.0000
  4  6  1  0.1000  0.1000100.0000 90.0000  1.0000
  5  6  1  0.1000  0.1000100.0000 90.0000  1.0000
  6  6  1  0.1000  0.1000100.0000 90.0000  1.0000
  7  6  1  0.1000  0.1000100.0000 90.0000  1.0000
  8  6  1  0.1000  0.1000100.0000 90.0000  1.0000
  9  6  1  0.1000  0.1000100.0000 90.0000  1.0000
 10  6  1  0.1000  0.1000100.0000 90.0000  1.0000
  1  7  1  0.1000  0.1000100.0000 90.0000  1.0000
  2  7  1  0.1000  0.1000100.0000 90.0000  1.0000
  3  7  1  0.1000  0.1000100.0000 90.0000  1.0000
  4  7  1  0.1000  0.1000100.0000 90.0000  1.0000
  5  7  1  0.1000  0.1000100.0000 90.0000  1.0000
  6  7  1  0.1000  0.1000100.0000 90.0000  1.0000
  7  7  1  0.1000  0.1000100.0000 90.0000  1.0000
  8  7  1  0.1000  0.1000100.0000 90.0000  1.0000
  9  7  1  0.1000  0.1000100.0000 90.0000  1.0000
 10  7  1  0.1000  0.1000100.0000 90.0000  1.0000
  1  8  1  0.1000  0.1000100.0000 90.0000  1.0000
  2  8  1  0.1000  0.1000100.0000 90.0000  1.0000
  3  8  1  0.1000  0.1000100.0000 90.0000  1.0000
  4  8  1  0.1000  0.1000100.0000 90.0000  1.0000
  5  8  1  0.1000  0.1000100.0000 90.0000  1.0000
  6  8  1  0.1000  0.1000100.0000 90.0000  1.0000
  7  8  1  0.1000  0.1000100.0000 90.0000  1.0000
  8  8  1  0.1000  0.1000100.0000 90.0000  1.0000
  9  8  1  0.1000  0.1000100.0000 90.0000  1.0000
 10  8  1  0.1000  0.1000100.0000 90.0000  1.0000
  1  9  1  0.1000  0.1000100.0000 90.0000  1.0000
  2  9  1  0.1000  0.1000100.0000 90.0000  1.0000
  3  9  1  0.1000  0.1000100.0000 90.0000  1.0000
  4  9  1  0.1000  0.1000100.0000 90.0000  1.0000
  5  9  1  0.1000  0.1000100.0000 90.0000  1.0000
  6  9  1  0.1000  0.1000100.0000 90.0000  1.0000
  7  9  1  0.1000  0.1000100.0000 90.0000  1.0000
  8  9  1  0.1000  0.1000100.0000 90.0000  1.0000
  9  9  1  0.1000  0.1000100.0000 90.0000  1.0000
 10  9  1  0.1000  0.1000100.0000 90.0000  1.0000
  1 10  1  0.1000  0.1000100.0000 90.0000  1.0000
  2 10  1  0.1000  0.1000100.0000 90.0000  1.0000
  3 10  1  0.1000  0.1000100.0000 90.0000  1.0000
  4 10  1  0.1000  0.1000100.0000 90.0000  1.0000
  5 10  1  0.1000  0.1000100.0000 90.0000  1.0000
  6 10  1  0.1000  0.1000100.0000 90.0000  1.0000
  7 10  1  0.1000  0.1000100.0000 90.0000  1.0000
  8 10  1  0.1000  0.1000100.0000 90.0000  1.0000
  9 10  1  0.1000  0.1000100.0000 90.0000  1.0000
 10 10  1  0.1000  0.1000100.0000 90.0000  1.0000


Discrete Ordinates Method Solution
   i   j   Cell-Averaged Scalar Flux
   1   1   6.472516E-02
   2   1   8.657221E-02
   3   1   7.581919E-02
   4   1   8.092069E-02
   5   1   7.888509E-02
   6   1   7.888509E-02
   7   1   8.092067E-02
   8   1   7.581918E-02
   9   1   8.657221E-02
  10   1   6.472516E-02
   1   2   8.657219E-02
   2   2   1.191233E-01
   3   2   1.038556E-01
   4   2   1.107453E-01
   5   2   1.081066E-01
   6   2   1.081065E-01
   7   2   1.107453E-01
   8   2   1.038556E-01
   9   2   1.191232E-01
  10   2   8.657221E-02
   1   3   7.581917E-02
   2   3   1.038556E-01
   3   3   9.094288E-02
   4   3   9.667580E-02
   5   3   9.450579E-02
   6   3   9.450579E-02
   7   3   9.667580E-02
   8   3   9.094287E-02
   9   3   1.038556E-01
  10   3   7.581919E-02
   1   4   8.092067E-02
   2   4   1.107453E-01
   3   4   9.667579E-02
   4   4   1.030767E-01
   5   4   1.006056E-01
   6   4   1.006056E-01
   7   4   1.030767E-01
   8   4   9.667579E-02
   9   4   1.107453E-01
  10   4   8.092067E-02
   1   5   7.888509E-02
   2   5   1.081065E-01
   3   5   9.450581E-02
   4   5   1.006056E-01
   5   5   9.827858E-02
   6   5   9.827860E-02
   7   5   1.006056E-01
   8   5   9.450579E-02
   9   5   1.081065E-01
  10   5   7.888509E-02
   1   6   7.888508E-02
   2   6   1.081066E-01
   3   6   9.450581E-02
   4   6   1.006056E-01
   5   6   9.827858E-02
   6   6   9.827858E-02
   7   6   1.006056E-01
   8   6   9.450580E-02
   9   6   1.081066E-01
  10   6   7.888509E-02
   1   7   8.092068E-02
   2   7   1.107453E-01
   3   7   9.667581E-02
   4   7   1.030767E-01
   5   7   1.006056E-01
   6   7   1.006056E-01
   7   7   1.030767E-01
   8   7   9.667580E-02
   9   7   1.107453E-01
  10   7   8.092069E-02
   1   8   7.581919E-02
   2   8   1.038556E-01
   3   8   9.094289E-02
   4   8   9.667578E-02
   5   8   9.450580E-02
   6   8   9.450581E-02
   7   8   9.667580E-02
   8   8   9.094288E-02
   9   8   1.038556E-01
  10   8   7.581918E-02
   1   9   8.657220E-02
   2   9   1.191233E-01
   3   9   1.038556E-01
   4   9   1.107453E-01
   5   9   1.081065E-01
   6   9   1.081066E-01
   7   9   1.107453E-01
   8   9   1.038556E-01
   9   9   1.191233E-01
  10   9   8.657220E-02
   1  10   6.472515E-02
   2  10   8.657219E-02
   3  10   7.581919E-02
   4  10   8.092068E-02
   5  10   7.888508E-02
   6  10   7.888509E-02
   7  10   8.092069E-02
   8  10   7.581919E-02
   9  10   8.657221E-02
  10  10   6.472516E-02

Runtime   :     0.0030 [s]
