Code Name : sn_2d
Version   : v0.1.0
Author    : Joseph F. Specht IV
Executed  : 09:57:01 on 03/25/2026

Discrete Ordinates/Octant
  n      mu     eta       w
  1  0.8000  0.3000  0.2500

Boundary Conditions
  Left   Right    Bottom    Top
  0   0   0   0 

Computational Cell Data
  i  j  Material   dx   dy   SigmaT   SigmaS   Source
  1  1  2  0.1000  0.2000  2.0000  0.1000  1.0000
  2  1  2  0.1000  0.2000  2.0000  0.1000  1.0000
  3  1  2  0.1000  0.2000  2.0000  0.1000  1.0000
  4  1  2  0.1000  0.2000  2.0000  0.1000  1.0000
  5  1  2  0.1000  0.2000  2.0000  0.1000  1.0000
  1  2  1  0.1000  0.2000  1.0000  0.5000  0.0000
  2  2  2  0.1000  0.2000  2.0000  0.1000  1.0000
  3  2  2  0.1000  0.2000  2.0000  0.1000  1.0000
  4  2  2  0.1000  0.2000  2.0000  0.1000  1.0000
  5  2  2  0.1000  0.2000  2.0000  0.1000  1.0000
  1  3  1  0.1000  0.2000  1.0000  0.5000  0.0000
  2  3  1  0.1000  0.2000  1.0000  0.5000  0.0000
  3  3  2  0.1000  0.2000  2.0000  0.1000  1.0000
  4  3  2  0.1000  0.2000  2.0000  0.1000  1.0000
  5  3  2  0.1000  0.2000  2.0000  0.1000  1.0000
  1  4  1  0.1000  0.2000  1.0000  0.5000  0.0000
  2  4  1  0.1000  0.2000  1.0000  0.5000  0.0000
  3  4  1  0.1000  0.2000  1.0000  0.5000  0.0000
  4  4  2  0.1000  0.2000  2.0000  0.1000  1.0000
  5  4  2  0.1000  0.2000  2.0000  0.1000  1.0000
  1  5  1  0.1000  0.2000  1.0000  0.5000  0.0000
  2  5  1  0.1000  0.2000  1.0000  0.5000  0.0000
  3  5  1  0.1000  0.2000  1.0000  0.5000  0.0000
  4  5  1  0.1000  0.2000  1.0000  0.5000  0.0000
  5  5  2  0.1000  0.2000  2.0000  0.1000  1.0000
  1  6  1  0.1000  0.2000  1.0000  0.5000  0.0000
  2  6  1  0.1000  0.2000  1.0000  0.5000  0.0000
  3  6  1  0.1000  0.2000  1.0000  0.5000  0.0000
  4  6  1  0.1000  0.2000  1.0000  0.5000  0.0000
  5  6  1  0.1000  0.2000  1.0000  0.5000  0.0000
  1  7  1  0.1000  0.2000  1.0000  0.5000  0.0000
  2  7  1  0.1000  0.2000  1.0000  0.5000  0.0000
  3  7  1  0.1000  0.2000  1.0000  0.5000  0.0000
  4  7  1  0.1000  0.2000  1.0000  0.5000  0.0000
  5  7  1  0.1000  0.2000  1.0000  0.5000  0.0000
  1  8  1  0.1000  0.2000  1.0000  0.5000  0.0000
  2  8  1  0.1000  0.2000  1.0000  0.5000  0.0000
  3  8  1  0.1000  0.2000  1.0000  0.5000  0.0000
  4  8  1  0.1000  0.2000  1.0000  0.5000  0.0000
  5  8  1  0.1000  0.2000  1.0000  0.5000  0.0000


Discrete Ordinates Method Solution
   i   j   Cell-Averaged Scalar Flux
   1   1   1.544020E-01
   2   1   1.810934E-01
   3   1   1.890919E-01
   4   1   1.783357E-01
   5   1   1.488399E-01
   1   2   1.616718E-01
   2   2   1.920561E-01
   3   2   2.136366E-01
   4   2   2.112955E-01
   5   2   1.856870E-01
   1   3   1.079316E-01
   2   3   1.188520E-01
   3   3   1.378140E-01
   4   3   1.517086E-01
   5   3   1.460541E-01
   1   4   6.462152E-02
   2   4   7.910879E-02
   3   4   9.297587E-02
   4   4   1.066186E-01
   5   4   1.050722E-01
   1   5   3.294186E-02
   2   5   3.611702E-02
   3   5   4.185269E-02
   4   5   4.914127E-02
   5   5   5.594391E-02
   1   6   1.263968E-02
   2   6   9.512674E-03
   3   6   6.094372E-03
   4   6   4.739151E-03
   5   6   2.658252E-03
   1   7  -5.595954E-04
   2   7  -1.870681E-05
   3   7  -1.965509E-04
   4   7  -2.993031E-03
   5   7  -3.198868E-03
   1   8  -1.118807E-03
   2   8  -2.465866E-03
   3   8  -1.944254E-03
   4   8   2.112361E-03
   5   8   2.908903E-03

Runtime   :     0.0024 [s]
